# Test the parser on empty file

loaded graph empty

empty contains:

